  200000 rows 7s
  400000 rows 19s
  600000 rows 26s
  800000 rows 32s
  1000000 rows 41s
BUILD 1105237 rows in 47s, size 198MB

QUERY '球硅 HBM 先进封装 需求': 400 rows in 0.16s, 真·球硅命中 6; 命中位置 [1, 3, 5, 20, 208, 348]
  -29.90 C 2026-08-24 | HBM DRIVES A股「球硅」（利好）：HBM先进封装是高端化学法球硅核心应用场景，拉动亚微米及纳米级球硅需求翻倍
  -29.40 C 2026-03-02 | 台积电 DRIVES A股「HBM」（利好）：台积电先进封装产能驱动HBM需求
  -28.60 C 2026-08-24 | 预计2027年高端球硅需求分别为高速CCL对应1.64万吨，高性能先进封装EMC对应0.88万吨。
  -28.40 B  | ASMPT先进封装设备受益于HBM、CoWoS等需求驱动
  -27.05 C  | 台积电 DRIVES A股「联瑞新材」（利好）：台积电CoWoS中介层尺寸扩大及HBM堆叠数量增加，带动先进封装材料需求提升，利好A股高端球
  -27.03 C 2026-07-02 | TEL预计FY2027先进封装设备（先进逻辑/HBM）需求同比增长60%
  -27.03 C  | GB300 BENEFITS A股「先进封装」（利好）：GB300 单系统 HBM 容量升至 288GB，拉动 HBM 与先进封装产能需求
  -27.03 C  | HBM DRIVES A股「SoC测试机」（利好）：HBM等先进封装测试需求增加，推动SoC测试机需求提升。
  -27.03 C  | HPC (HBM, chiplets, etc.) DRIVES A股「先进封装」（利好）：HPC驱动先进封装需求，利好国内封测环节。
  -27.03 C 2026-08-05 | HBM MIRRORS A股「ABF载板」（中性）：AI芯片带动先进封装需求，与HBM需求同受AI驱动
  -26.60 C 2026-04-17 | 三星 DRIVES A股「先进封装设备」（利好）：三星扩产HBM需求，增加TCB bonding设备采购，利好A股先进封装设备环节。
  -26.60 C  | Micron Technology BENEFITS A股「先进封装」（利好）：Micron的HBM等高端存储需求带动先进封装环节。

QUERY '燃气轮机 数据中心 自备电源 受益标的': 400 rows in 0.08s, 真·燃气轮机命中 348; 命中位置 [2, 3, 4, 5, 6, 7, 8, 9, 10, 12, 15, 16, 17, 18, 19, 20, 21, 22, 23, 24, 25, 26, 27, 29, 30, 31, 32, 33, 34, 35]
  -54.87 B 2026-08-02 | 2026上半年AI数据中心自备电源占全球新增订单比例超过38%。
  -50.52 C 2025-12-02 | Caterpillar SUPPLIES_TO A股「燃气轮机」（利好）：Caterpillar涡轮机用于数据中心自备电厂，A股燃气轮机厂商
  -49.74 C 2026-06-29 | AI数据中心自备电源 DRIVES A股「燃气发电机组」（利好）：数据中心对燃气轮机/燃气发电机组的确定性需求，利好A股潍柴动力、杰瑞股份
  -48.45 C 2026-08-23 | 北美AI数据中心 DRIVES A股「燃气轮机」（利好）：海外AIDC自备电源需求爆发，国产燃气轮机获得大额订单并实现批量出口。
  -47.83 B 2026-08-23 | 杰瑞股份斩获14.65亿美元海外AIDC燃气大单，国产燃气轮机大规模进入北美AI数据中心自备电源市场。
  -45.46 C 2026-08-17 | 美国 DRIVES A股「燃气轮机」（利好）：美国数据中心用电限制和自备电要求推动燃气轮机需求，利好国内燃气轮机产业链
  -44.98 C 2026-08-05 | 卡特彼勒 DRIVES A股「数据中心电源」（利好）：卡特彼勒数据中心电力业务强劲增长，印证北美数据中心自备电源需求旺盛，国内数据中心电源设
  -44.81 C 2026-08-10 | 北美AI数据中心 DRIVES A股「航发动力」（利好）：北美AI数据中心需求增长，带动燃气轮机或相关动力设备订单，航发动力作为A股受益标的
  -43.88 B  | 燃气轮机作为数据中心自备电源的快速解决方案，需求旺盛，但全球产能仅约100吉瓦/年，远不能满足年均近100吉瓦的需求缺口。
  -41.91 C 2026-08-02 | HBM DRIVES A股「燃气轮机」（利好）：AI数据中心（HBM等算力基础设施）是北美燃机需求核心增量，全球AI数据中心自备电源占新增订
  -39.15 C 2026-06-15 | 数据中心自备电源成趋势，AIDC储能需求中期超150GWh
  -38.15 B 2026-07-07 | 国内燃气轮机产业链公司受益于海外数据中心需求

QUERY '银轮股份': 400 rows in 0.05s, 真·银轮命中 153; 命中位置 [1, 2, 3, 4, 5, 11, 12, 13, 15, 16, 21, 22, 23, 24, 32, 33, 34, 38, 39, 42, 43, 48, 49, 50, 54, 55, 57, 58, 64, 67]
  -25.27 A 2026-05-12 | 银轮股份 回购股份报告书
  -24.77 B 2026-06-03 | 银轮股份2026Q1营收同比增长
  -24.30 B+  | 银轮股份2026-30E净利润CAGR可达28%
  -23.84 A 2026-04-15 | 银轮股份 2025年度利润分配方案
  -23.84 C 2026-03-25 | 银轮股份后处理高达13w，ASP高
  -23.84 B+  | 预计2026-30E净利润CAGR达到28%
  -23.84 B 2026-07-30 | 公司2025年毛利率为19.2%，净利率为6.9%。
  -23.84 B  | 2026年有望实现12.7亿业绩
  -23.84 B  | 2028年预计维持约30%增速
  -23.84 B  | 2030年经营目标超过331
  -23.39 C 2026-03-16 | 燃机业务将再造一个银轮
  -23.39 C 2026-06-09 | 银轮股份预计26Q2归母2.8亿，同比+22%，环比+31%

QUERY '精智达 存储测试设备 进展': 400 rows in 0.05s, 真·精智达命中 83; 命中位置 [1, 2, 6, 9, 11, 13, 14, 16, 17, 18, 19, 21, 23, 27, 28, 29, 31, 32, 33, 36, 40, 42, 48, 53, 58, 59, 60, 67, 68, 80]
  -58.97 C 2026-08-19 | 精智达26H1存储测试设备营收同比+147%
  -53.16 C 2026-08-19 | 精智达26H1存储测试设备营收同比+147%，存算显多头并进
  -52.30 B 2025-12-01 | 存储测试设备不断突破，首次取得超3亿元重大订单。
  -52.30 B 2026-06-09 | 存储测试设备业务快速放量，成为核心增长引擎
  -50.66 B  | 存储测试设备业务成为新增长引擎，25年收入同比+151.3%
  -43.22 C 2026-04-15 | 泰瑞达 MIRRORS A股「精智达」（利好）：泰瑞达创新高体现测试设备板块景气，精智达作为存储测试机供应商有望跟随
  -42.97 B 2025-12-17 | 存储测试业务倍增，产品矩阵纵深拓展
  -42.65 C 2026-08-19 | 半导体测试设备业务收入同比激增147.05%，因2026年1月13.11亿元重大存储测试设备合同交付
  -41.53 B 2026-07-02 | 精智达2025年存储测试业务收入6.25亿元，同比增长150.39%。
  -40.19 B 2026-04-17 | 存储测试机方面已交付首台自主研发9Gbps高速FT测试机
  -40.01 C 2026-07-16 | 海力士 SUPPLIES_TO A股「精智达」（利好）：精智达已与海力士开展合作，预计2028年取得订单，国产存储测试设备进一步打入海外头部
  -39.36 C 2026-07-16 | 存储测试基本盘持续强化，2026年半导体设备订单有望达到40亿元以上
